################################################################################
#                                                                              #
#      IAR Universal Linker V6.4.6.89                                          #
#                                                                              #
#           Link time     =  16/Apr/2017  16:18:20                             #
#           Target CPU    =  MSP430                                            #
#           List file     =  "F:\electric design-\16_12_mengya\iar\main\Debug\ #
#                            List\mengya_16_12.map"                            #
#           Output file 1 =  "F:\electric design-\16_12_mengya\iar\main\Debug\ #
#                            Exe\mengya_16_12.d43"                             #
#                            Format: ubrof10                                   #
#                            UBROF version 10.0.6                              #
#                            Using library modules for C-SPY (-rt)             #
#           Command line  =  "F:\electric design-\16_12_mengya\iar\main\Debug\ #
#                            Obj\basic_fun.r43"                                #
#                            "F:\electric design-\16_12_mengya\iar\main\Debug\ #
#                            Obj\ini.r43"                                      #
#                            "F:\electric design-\16_12_mengya\iar\main\Debug\ #
#                            Obj\main.r43"                                     #
#                            "F:\electric design-\16_12_mengya\iar\main\Debug\ #
#                            Obj\phase_switcher.r43"                           #
#                            "F:\electric design-\16_12_mengya\iar\main\Debug\ #
#                            Obj\T_and_V_controler.r43"                        #
#                            "F:\electric design-\16_12_mengya\iar\main\Debug\ #
#                            Obj\uart.r43"                                     #
#                            -o                                                #
#                            "F:\electric design-\16_12_mengya\iar\main\Debug\ #
#                            Exe\mengya_16_12.d43"                             #
#                            -l                                                #
#                            "F:\electric design-\16_12_mengya\iar\main\Debug\ #
#                            List\mengya_16_12.map"                            #
#                            -xms                                              #
#                            "-IE:\Program Files (x86)\IAR Systems\Embedded Wo #
#                            rkbench 7.4\430\LIB\"                             #
#                            -f                                                #
#                            "E:\Program Files (x86)\IAR Systems\Embedded Work #
#                            bench 7.4\430\config\linker\lnk430g2553.xcl"      #
#                            (-cmsp430 -QCODE_I=CODE_ID -QTLS16_I=TLS16_ID     #
#                            -Z(CONST)INFO=1000-10FF                           #
#                            -Z(CONST)INFOA=10C0-10FF                          #
#                            -Z(CONST)INFOB=1080-10BF                          #
#                            -Z(CONST)INFOC=1040-107F                          #
#                            -Z(CONST)INFOD=1000-103F                          #
#                            -Z(DATA)DATA16_I,DATA16_Z,DATA16_N,TLS16_I=0200-0 #
#                            3FF                                               #
#                            -Z(DATA)DATA16_HEAP+_DATA16_HEAP_SIZE             #
#                            -Z(DATA)CODE_I -Z(DATA)CSTACK+_STACK_SIZE#        #
#                            -Z(CONST)DATA16_C,DATA16_ID,TLS16_ID,DIFUNCT,CHEC #
#                            KSUM=C000-FFDD                                    #
#                            -Z(CODE)CSTART,ISR_CODE,CODE_ID=C000-FFDD         #
#                            -P(CODE)CODE=C000-FFDD                            #
#                            -Z(CONST)SIGNATURE=FFDE-FFDF                      #
#                            -Z(CODE)INTVEC=FFE0-FFFF                          #
#                            -Z(CODE)RESET=FFFE-FFFF) -D_STACK_SIZE=50 -rt     #
#                            "E:\Program Files (x86)\IAR Systems\Embedded Work #
#                            bench 7.4\430\lib\dlib\dl430fn.r43"               #
#                            -e_PrintfLarge=_Printf -e_ScanfLarge=_Scanf       #
#                            -D_DATA16_HEAP_SIZE=50 -s __program_start         #
#                            -D_DATA20_HEAP_SIZE=50                            #
#                                                                              #
#                           Copyright (C) 1987-2016 IAR Systems AB.            #
################################################################################





                ****************************************
                *                                      *
                *           CROSS REFERENCE            *
                *                                      *
                ****************************************

       Program entry at :           C01E  Relocatable, from module : ?cstart




                ****************************************
                *                                      *
                *            RUNTIME MODEL             *
                *                                      *
                ****************************************

  __Heap_Handler             = Basic
  __SystemLibrary            = DLib
  __core                     = 430
  __dlib_file_descriptor     = 0
  __dlib_full_locale_support = 0
  __double_size              = 32
  __pic                      = no
  __reg_r4                   = free
  __reg_r5                   = free
  __rt_version               = 3

                ****************************************
                *                                      *
                *    AUTOMATIC SYMBOL REDIRECTIONS     *
                *                                      *
                ****************************************

                  There are no automatic symbol redirections.



                ****************************************
                *                                      *
                *              MODULE MAP              *
                *                                      *
                ****************************************


  DEFINED ABSOLUTE ENTRIES
    *************************************************************************

  DEFINED ABSOLUTE ENTRIES
  PROGRAM MODULE, NAME : ?ABS_ENTRY_MOD

Absolute parts
           ENTRY                   ADDRESS         REF BY
           =====                   =======         ======
           _DATA20_HEAP_SIZE       0050 
           _DATA16_HEAP_SIZE       0050 
           _STACK_SIZE             0050 
    *************************************************************************

  FILE NAME : F:\electric design-\16_12_mengya\iar\main\Debug\Obj\basic_fun.r43
  PROGRAM MODULE, NAME : basic_fun

  SEGMENTS IN THE MODULE
  ======================
<CODE> 1 (was CODE)
  Relative segment, address: CD74 - CD7D (0xa bytes), align: 1
  Segment part 2.
           ENTRY                   ADDRESS         REF BY
           =====                   =======         ======
           round_count(int, int)   CD74            TAV_controler::record_SPT() (T_and_V_controler)
                                                   phase_switcher::SP() (phase_switcher)
                                                   phase_switcher::SP_false() (phase_switcher)
    -------------------------------------------------------------------------
<CODE> 1 (was CODE)
  Relative segment, address: CBB6 - CBD7 (0x22 bytes), align: 1
  Segment part 5.
           ENTRY                   ADDRESS         REF BY
           =====                   =======         ======
           wait_100us(unsigned long)
                                   CBB6            main (main)

    *************************************************************************

  FILE NAME : F:\electric design-\16_12_mengya\iar\main\Debug\Obj\ini.r43
  PROGRAM MODULE, NAME : ini

  SEGMENTS IN THE MODULE
  ======================
DATA16_AN
  Relative segment, address: 0056 - 0056 (0x1 bytes), align: 0
  Segment part 1. ROOT        Intra module refs:   ini_crystal()
           ENTRY                   ADDRESS         REF BY
           =====                   =======         ======
           DCOCTL                  0056 
    -------------------------------------------------------------------------
DATA16_AN
  Relative segment, address: 0057 - 0057 (0x1 bytes), align: 0
  Segment part 2. ROOT        Intra module refs:   ini_crystal()
           ENTRY                   ADDRESS         REF BY
           =====                   =======         ======
           BCSCTL1                 0057 
    -------------------------------------------------------------------------
DATA16_AN
  Relative segment, address: 0021 - 0021 (0x1 bytes), align: 0
  Segment part 3. ROOT        Intra module refs:   ini_input_io()
                                                   ini_uart() (uart)
           ENTRY                   ADDRESS         REF BY
           =====                   =======         ======
           P1OUT                   0021 
    -------------------------------------------------------------------------
DATA16_AN
  Relative segment, address: 0022 - 0022 (0x1 bytes), align: 0
  Segment part 4. ROOT        Intra module refs:   ini_input_io()
                                                   ini_uart() (uart)
           ENTRY                   ADDRESS         REF BY
           =====                   =======         ======
           P1DIR                   0022 
    -------------------------------------------------------------------------
DATA16_AN
  Relative segment, address: 0023 - 0023 (0x1 bytes), align: 0
  Segment part 5. ROOT        Intra module refs:   Port_1() (T_and_V_controler)
                                                   ini_input_io()
           ENTRY                   ADDRESS         REF BY
           =====                   =======         ======
           P1IFG                   0023 
    -------------------------------------------------------------------------
DATA16_AN
  Relative segment, address: 0027 - 0027 (0x1 bytes), align: 0
  Segment part 6. ROOT        Intra module refs:   ini_input_io()
           ENTRY                   ADDRESS         REF BY
           =====                   =======         ======
           P1REN                   0027 
    -------------------------------------------------------------------------
DATA16_AN
  Relative segment, address: 0029 - 0029 (0x1 bytes), align: 0
  Segment part 7. ROOT        Intra module refs:   ini_pwm()
                                                   phase_switcher::CP() const (phase_switcher)
                                                   phase_switcher::FP() (phase_switcher)
                                                   phase_switcher::SP() (phase_switcher)
           ENTRY                   ADDRESS         REF BY
           =====                   =======         ======
           P2OUT                   0029 
    -------------------------------------------------------------------------
DATA16_AN
  Relative segment, address: 002A - 002A (0x1 bytes), align: 0
  Segment part 8. ROOT        Intra module refs:   ini_pwm()
           ENTRY                   ADDRESS         REF BY
           =====                   =======         ======
           P2DIR                   002A 
    -------------------------------------------------------------------------
DATA16_AN
  Relative segment, address: 0160 - 0161 (0x2 bytes), align: 0
  Segment part 9. ROOT        Intra module refs:   TAV_controler::read_TA0() const (T_and_V_controler)
                                                   ini_timer()
           ENTRY                   ADDRESS         REF BY
           =====                   =======         ======
           TA0CTL                  0160 
    -------------------------------------------------------------------------
DATA16_AN
  Relative segment, address: 0180 - 0181 (0x2 bytes), align: 0
  Segment part 10. ROOT       Intra module refs:   ini_pwm()
           ENTRY                   ADDRESS         REF BY
           =====                   =======         ======
           TA1CTL                  0180 
    -------------------------------------------------------------------------
DATA16_AN
  Relative segment, address: 0182 - 0183 (0x2 bytes), align: 0
  Segment part 11. ROOT       Intra module refs:   ini_pwm()
           ENTRY                   ADDRESS         REF BY
           =====                   =======         ======
           TA1CCTL0                0182 
    -------------------------------------------------------------------------
DATA16_AN
  Relative segment, address: 0184 - 0185 (0x2 bytes), align: 0
  Segment part 12. ROOT       Intra module refs:   ini_pwm()
           ENTRY                   ADDRESS         REF BY
           =====                   =======         ======
           TA1CCTL1                0184 
    -------------------------------------------------------------------------
DATA16_AN
  Relative segment, address: 0186 - 0187 (0x2 bytes), align: 0
  Segment part 13. ROOT       Intra module refs:   ini_pwm()
           ENTRY                   ADDRESS         REF BY
           =====                   =======         ======
           TA1CCTL2                0186 
    -------------------------------------------------------------------------
DATA16_AN
  Relative segment, address: 0192 - 0193 (0x2 bytes), align: 0
  Segment part 14. ROOT       Intra module refs:   ini_pwm()
           ENTRY                   ADDRESS         REF BY
           =====                   =======         ======
           TA1CCR0                 0192 
    -------------------------------------------------------------------------
DATA16_AN
  Relative segment, address: 0194 - 0195 (0x2 bytes), align: 0
  Segment part 15. ROOT       Intra module refs:   ini_pwm()
                                                   main (main)
           ENTRY                   ADDRESS         REF BY
           =====                   =======         ======
           TA1CCR1                 0194 
    -------------------------------------------------------------------------
DATA16_AN
  Relative segment, address: 0196 - 0197 (0x2 bytes), align: 0
  Segment part 16. ROOT       Intra module refs:   ini_pwm()
                                                   main (main)
           ENTRY                   ADDRESS         REF BY
           =====                   =======         ======
           TA1CCR2                 0196 
    -------------------------------------------------------------------------
DATA16_AN
  Relative segment, address: 10FC - 10FC (0x1 bytes), align: 0
  Segment part 17. ROOT       Intra module refs:   ini_crystal()
           ENTRY                   ADDRESS         REF BY
           =====                   =======         ======
           CALDCO_8MHZ             10FC 
    -------------------------------------------------------------------------
DATA16_AN
  Relative segment, address: 10FD - 10FD (0x1 bytes), align: 0
  Segment part 18. ROOT       Intra module refs:   ini_crystal()
           ENTRY                   ADDRESS         REF BY
           =====                   =======         ======
           CALBC1_8MHZ             10FD 
    -------------------------------------------------------------------------
<CODE> 1 (was CODE)
  Relative segment, address: CC82 - CC95 (0x14 bytes), align: 1
  Segment part 24.
           ENTRY                   ADDRESS         REF BY
           =====                   =======         ======
           initial()               CC82            main (main)
               calls direct
    -------------------------------------------------------------------------
<CODE> 1 (was CODE)
  Relative segment, address: CBF6 - CC0F (0x1a bytes), align: 1
  Segment part 23.            Intra module refs:   initial()
           ENTRY                   ADDRESS         REF BY
           =====                   =======         ======
           ini_crystal()           CBF6 
    -------------------------------------------------------------------------
<CODE> 1 (was CODE)
  Relative segment, address: C8EA - C925 (0x3c bytes), align: 1
  Segment part 22.            Intra module refs:   initial()
           ENTRY                   ADDRESS         REF BY
           =====                   =======         ======
           ini_pwm()               C8EA 
    -------------------------------------------------------------------------
<CODE> 1 (was CODE)
  Relative segment, address: CA70 - CAA1 (0x32 bytes), align: 1
  Segment part 21.            Intra module refs:   initial()
           ENTRY                   ADDRESS         REF BY
           =====                   =======         ======
           ini_input_io()          CA70 
    -------------------------------------------------------------------------
<CODE> 1 (was CODE)
  Relative segment, address: CD34 - CD41 (0xe bytes), align: 1
  Segment part 20.            Intra module refs:   initial()
           ENTRY                   ADDRESS         REF BY
           =====                   =======         ======
           ini_timer()             CD34 

    *************************************************************************

  FILE NAME : F:\electric design-\16_12_mengya\iar\main\Debug\Obj\main.r43
  PROGRAM MODULE, NAME : main

  SEGMENTS IN THE MODULE
  ======================
DATA16_AN
  Relative segment, address: 0120 - 0121 (0x2 bytes), align: 0
  Segment part 3. ROOT        Intra module refs:   main
           ENTRY                   ADDRESS         REF BY
           =====                   =======         ======
           WDTCTL                  0120 
    -------------------------------------------------------------------------
<CODE> 1 (was CODE)
  Relative segment, address: CD86 - CD8B (0x6 bytes), align: 1
  Segment part 15.            Intra module refs:   main
           ENTRY                   ADDRESS         REF BY
           =====                   =======         ======
           TAV_controler::read_SPT()
                                   CD86 
    -------------------------------------------------------------------------
<CODE> 1 (was CODE)
  Relative segment, address: CC96 - CCA7 (0x12 bytes), align: 1
  Segment part 11.            Intra module refs:   __sti__routine()
           ENTRY                   ADDRESS         REF BY
           =====                   =======         ======
           Uart::Uart()            CC96 
    -------------------------------------------------------------------------
<CODE> 1 (was CODE)
  Relative segment, address: CC10 - CC27 (0x18 bytes), align: 1
  Segment part 12.            Intra module refs:   Segment part 10
           LOCAL                   ADDRESS         
           =====                   =======         
           __sti__routine()        CC10 
               calls direct
    -------------------------------------------------------------------------
DATA16_Z
  Relative segment, address: 0200 - 0213 (0x14 bytes), align: 1
  Segment part 5.             Intra module refs:   __sti__routine()
                                                   main
           ENTRY                   ADDRESS         REF BY
           =====                   =======         ======
           switcher                0200            Port_1() (T_and_V_controler)
                                                   Timer_A() (T_and_V_controler)
    -------------------------------------------------------------------------
DATA16_Z
  Relative segment, address: 0214 - 0227 (0x14 bytes), align: 1
  Segment part 6.             Intra module refs:   __sti__routine()
                                                   main
           ENTRY                   ADDRESS         REF BY
           =====                   =======         ======
           controler               0214            Port_1() (T_and_V_controler)
                                                   Timer_A() (T_and_V_controler)
    -------------------------------------------------------------------------
DATA16_Z
  Relative segment, address: 0228 - 0231 (0xa bytes), align: 1
  Segment part 7.             Intra module refs:   __sti__routine()
                                                   main
           ENTRY                   ADDRESS         REF BY
           =====                   =======         ======
           uart                    0228            USCI0RX_ISR() (uart)
                                                   USCI0TX_ISR() (uart)
    -------------------------------------------------------------------------
DATA16_Z
  Relative segment, address: 0232 - 0233 (0x2 bytes), align: 1
  Segment part 8.             Intra module refs:   main
           ENTRY                   ADDRESS         REF BY
           =====                   =======         ======
           code                    0232            USCI0RX_ISR() (uart)
    -------------------------------------------------------------------------
<CODE> 1 (was CODE)
  Relative segment, address: C042 - C209 (0x1c8 bytes), align: 1
  Segment part 14.
           ENTRY                   ADDRESS         REF BY
           =====                   =======         ======
           main                    C042            Segment part 18 (?cstart)
               calls direct
    -------------------------------------------------------------------------
DIFUNCT
  Relative segment, address: C01C - C01D (0x2 bytes), align: 1
  Segment part 10. ROOT 

    *************************************************************************

  FILE NAME : F:\electric design-\16_12_mengya\iar\main\Debug\Obj\phase_switcher.r43
  PROGRAM MODULE, NAME : phase_switcher

  SEGMENTS IN THE MODULE
  ======================
DATA16_AN
  Relative segment, address: 0024 - 0024 (0x1 bytes), align: 0
  Segment part 1. ROOT        Intra module refs:   phase_switcher::enable_SPSI() const
           ENTRY                   ADDRESS         REF BY
           =====                   =======         ======
           P1IES                   0024 
    -------------------------------------------------------------------------
DATA16_AN
  Relative segment, address: 0025 - 0025 (0x1 bytes), align: 0
  Segment part 2. ROOT        Intra module refs:   phase_switcher::disable_SPSI() const
                                                   phase_switcher::enable_SPSI() const
           ENTRY                   ADDRESS         REF BY
           =====                   =======         ======
           P1IE                    0025 
    -------------------------------------------------------------------------
DATA16_AN
  Relative segment, address: 002E - 002E (0x1 bytes), align: 0
  Segment part 4. ROOT        Intra module refs:   phase_switcher::CP() const
                                                   phase_switcher::FP()
                                                   phase_switcher::SP()
           ENTRY                   ADDRESS         REF BY
           =====                   =======         ======
           P2SEL                   002E 
    -------------------------------------------------------------------------
DATA16_C
  Relative segment, address: C000 - C002 (0x3 bytes), align: 0
  Segment part 6.             Intra module refs:   phase_switcher::phase_switcher()
           LOCAL                   ADDRESS         
           =====                   =======         
           up_phase_define         C000 
    -------------------------------------------------------------------------
DATA16_C
  Relative segment, address: C003 - C005 (0x3 bytes), align: 0
  Segment part 7.             Intra module refs:   phase_switcher::phase_switcher()
           LOCAL                   ADDRESS         
           =====                   =======         
           dw_phase_define         C003 
    -------------------------------------------------------------------------
DATA16_C
  Relative segment, address: C006 - C008 (0x3 bytes), align: 0
  Segment part 8.             Intra module refs:   phase_switcher::phase_switcher()
           LOCAL                   ADDRESS         
           =====                   =======         
           input_phase_define      C006 
    -------------------------------------------------------------------------
DATA16_C
  Relative segment, address: C009 - C00E (0x6 bytes), align: 0
  Segment part 9.             Intra module refs:   phase_switcher::phase_switcher()
           LOCAL                   ADDRESS         
           =====                   =======         
           up_phase_state_define   C009 
    -------------------------------------------------------------------------
DATA16_C
  Relative segment, address: C00F - C014 (0x6 bytes), align: 0
  Segment part 10.            Intra module refs:   phase_switcher::phase_switcher()
           LOCAL                   ADDRESS         
           =====                   =======         
           dw_phase_state_define   C00F 
    -------------------------------------------------------------------------
DATA16_C
  Relative segment, address: C015 - C01A (0x6 bytes), align: 0
  Segment part 11.            Intra module refs:   phase_switcher::phase_switcher()
           LOCAL                   ADDRESS         
           =====                   =======         
           input_phase_state_define
                                   C015 
    -------------------------------------------------------------------------
<CODE> 1 (was CODE)
  Relative segment, address: C866 - C8A7 (0x42 bytes), align: 1
  Segment part 12.
           ENTRY                   ADDRESS         REF BY
           =====                   =======         ======
           phase_switcher::phase_switcher()
                                   C866            __sti__routine() (main)
    -------------------------------------------------------------------------
<CODE> 1 (was CODE)
  Relative segment, address: CD42 - CD4F (0xe bytes), align: 1
  Segment part 14.
           ENTRY                   ADDRESS         REF BY
           =====                   =======         ======
           phase_switcher::FP()    CD42            main (main)
    -------------------------------------------------------------------------
<CODE> 1 (was CODE)
  Relative segment, address: C822 - C865 (0x44 bytes), align: 1
  Segment part 15.
           ENTRY                   ADDRESS         REF BY
           =====                   =======         ======
           phase_switcher::SP()    C822            Timer_A() (T_and_V_controler)
                                                   main (main)
               calls direct
    -------------------------------------------------------------------------
<CODE> 1 (was CODE)
  Relative segment, address: CC58 - CC6D (0x16 bytes), align: 1
  Segment part 16.
           ENTRY                   ADDRESS         REF BY
           =====                   =======         ======
           phase_switcher::SP_false()
                                   CC58            Timer_A() (T_and_V_controler)
               calls direct
    -------------------------------------------------------------------------
<CODE> 1 (was CODE)
  Relative segment, address: CD50 - CD5D (0xe bytes), align: 1
  Segment part 17.
           ENTRY                   ADDRESS         REF BY
           =====                   =======         ======
           phase_switcher::CP() const
                                   CD50            Timer_A() (T_and_V_controler)
                                                   main (main)
    -------------------------------------------------------------------------
<CODE> 1 (was CODE)
  Relative segment, address: CB30 - CB5D (0x2e bytes), align: 1
  Segment part 18.
           ENTRY                   ADDRESS         REF BY
           =====                   =======         ======
           phase_switcher::enable_SPSI() const
                                   CB30            Timer_A() (T_and_V_controler)
                                                   main (main)
               calls direct
    -------------------------------------------------------------------------
<CODE> 1 (was CODE)
  Relative segment, address: CC6E - CC81 (0x14 bytes), align: 1
  Segment part 19.
           ENTRY                   ADDRESS         REF BY
           =====                   =======         ======
           phase_switcher::disable_SPSI() const
                                   CC6E            Port_1() (T_and_V_controler)
                                                   Timer_A() (T_and_V_controler)
                                                   main (main)

    *************************************************************************

  FILE NAME : F:\electric design-\16_12_mengya\iar\main\Debug\Obj\T_and_V_controler.r43
  PROGRAM MODULE, NAME : T_and_V_controler

  SEGMENTS IN THE MODULE
  ======================
DATA16_AN
  Relative segment, address: 0162 - 0163 (0x2 bytes), align: 0
  Segment part 3. ROOT        Intra module refs:   TAV_controler::diable_time_interrupt()
                                                   TAV_controler::set_time_to()
           ENTRY                   ADDRESS         REF BY
           =====                   =======         ======
           TA0CCTL0                0162 
    -------------------------------------------------------------------------
DATA16_AN
  Relative segment, address: 0170 - 0171 (0x2 bytes), align: 0
  Segment part 4. ROOT        Intra module refs:   TAV_controler::read_TA0() const
           ENTRY                   ADDRESS         REF BY
           =====                   =======         ======
           TA0R                    0170 
    -------------------------------------------------------------------------
DATA16_AN
  Relative segment, address: 0172 - 0173 (0x2 bytes), align: 0
  Segment part 5. ROOT        Intra module refs:   TAV_controler::set_time_to()
           ENTRY                   ADDRESS         REF BY
           =====                   =======         ======
           TA0CCR0                 0172 
    -------------------------------------------------------------------------
<CODE> 1 (was CODE)
  Relative segment, address: CD5E - CD69 (0xc bytes), align: 1
  Segment part 18.            Intra module refs:   void iter_swap(_FwdIt1, _FwdIt2)[with _FwdIt1=unsigned int *, _FwdIt2=unsigned int *]
           ENTRY                   ADDRESS         REF BY
           =====                   =======         ======
           void swap(_Ty &, _Ty &)[with _Ty=unsigned int]
                                   CD5E 
    -------------------------------------------------------------------------
<CODE> 1 (was CODE)
  Relative segment, address: CD6A - CD73 (0xa bytes), align: 1
  Segment part 19.            Intra module refs:   pair<_RanIt, _RanIt> _Unguarded_partition(_RanIt, _RanIt)[with _RanIt=unsigned int *]
           ENTRY                   ADDRESS         REF BY
           =====                   =======         ======
           pair<unsigned int *, unsigned int *>::pair(unsigned int *, unsigned int *)
                                   CD6A 
    -------------------------------------------------------------------------
<CODE> 1 (was CODE)
  Relative segment, address: CD8C - CD8F (0x4 bytes), align: 1
  Segment part 20.            Intra module refs:   _Ty *_Copy_backward_opt(_Ty const *, _Ty const *, _Ty *)[with _Ty=unsigned int]
           ENTRY                   ADDRESS         REF BY
           =====                   =======         ======
           _Backward_copier<><_Ty, true>[with _Ty=unsigned int]::_Copy(unsigned int const *, unsigned int const *, unsigned int *)
                                   CD8C 
               calls direct
    -------------------------------------------------------------------------
<CODE> 1 (was CODE)
  Relative segment, address: CD90 - CD93 (0x4 bytes), align: 1
  Segment part 21.            Intra module refs:   _Ty1 *_Copy_backward_opt(_Ty1 *, _Ty1 *, _Ty1 *)[with _Ty1=unsigned int]
           ENTRY                   ADDRESS         REF BY
           =====                   =======         ======
           _Ty *_Copy_backward_opt(_Ty const *, _Ty const *, _Ty *)[with _Ty=unsigned int]
                                   CD90 
               calls direct
    -------------------------------------------------------------------------
<CODE> 1 (was CODE)
  Relative segment, address: CD94 - CD97 (0x4 bytes), align: 1
  Segment part 22.            Intra module refs:   _BidIt2 copy_backward(_BidIt1, _BidIt1, _BidIt2)[with _BidIt1=unsigned int *, _BidIt2=unsigned int *]
           ENTRY                   ADDRESS         REF BY
           =====                   =======         ======
           _Ty1 *_Copy_backward_opt(_Ty1 *, _Ty1 *, _Ty1 *)[with _Ty1=unsigned int]
                                   CD94 
               calls direct
    -------------------------------------------------------------------------
<CODE> 1 (was CODE)
  Relative segment, address: CD98 - CD9B (0x4 bytes), align: 1
  Segment part 23.            Intra module refs:   void _Insertion_sort1(_BidIt, _BidIt, _Ty *)[with _BidIt=unsigned int *, _Ty=unsigned int]
           ENTRY                   ADDRESS         REF BY
           =====                   =======         ======
           _BidIt2 copy_backward(_BidIt1, _BidIt1, _BidIt2)[with _BidIt1=unsigned int *, _BidIt2=unsigned int *]
                                   CD98 
               calls direct
    -------------------------------------------------------------------------
<CODE> 1 (was CODE)
  Relative segment, address: CDA0 - CDA3 (0x4 bytes), align: 1
  Segment part 24.            Intra module refs:   void _Insertion_sort(_BidIt, _BidIt)[with _BidIt=unsigned int *]
                                                   void make_heap(_RanIt, _RanIt)[with _RanIt=unsigned int *]
                                                   void pop_heap(_RanIt, _RanIt)[with _RanIt=unsigned int *]
           ENTRY                   ADDRESS         REF BY
           =====                   =======         ======
           iterator_traits<_Iter>::value_type *_Val_type(_Iter)[with _Iter=unsigned int *]
                                   CDA0 
    -------------------------------------------------------------------------
<CODE> 1 (was CODE)
  Relative segment, address: CDA4 - CDA7 (0x4 bytes), align: 1
  Segment part 25.            Intra module refs:   void _Pop_heap_0(_RanIt, _RanIt, _Ty *)[with _RanIt=unsigned int *, _Ty=unsigned int]
                                                   void make_heap(_RanIt, _RanIt)[with _RanIt=unsigned int *]
           ENTRY                   ADDRESS         REF BY
           =====                   =======         ======
           iterator_traits<_Iter>::difference_type *_Dist_type(_Iter)[with _Iter=unsigned int *]
                                   CDA4 
    -------------------------------------------------------------------------
<CODE> 1 (was CODE)
  Relative segment, address: CDAC - CDAF (0x4 bytes), align: 1
  Segment part 26.            Intra module refs:   pair<_RanIt, _RanIt> _Unguarded_partition(_RanIt, _RanIt)[with _RanIt=unsigned int *]
                                                   void _Med3(_RanIt, _RanIt, _RanIt)[with _RanIt=unsigned int *]
           ENTRY                   ADDRESS         REF BY
           =====                   =======         ======
           void iter_swap(_FwdIt1, _FwdIt2)[with _FwdIt1=unsigned int *, _FwdIt2=unsigned int *]
                                   CDAC 
               calls direct
    -------------------------------------------------------------------------
<CODE> 1 (was CODE)
  Relative segment, address: C67E - C6D5 (0x58 bytes), align: 1
  Segment part 27.            Intra module refs:   void _Adjust_heap(_RanIt, _Diff, _Diff, _Ty const &)[with _RanIt=unsigned int *, _Diff=int, _Ty=unsigned int]
           ENTRY                   ADDRESS         REF BY
           =====                   =======         ======
           void _Push_heap(_RanIt, _Diff, _Diff, _Ty const &)[with _RanIt=unsigned int *, _Diff=int, _Ty=unsigned int]
                                   C67E 
               calls direct
    -------------------------------------------------------------------------
<CODE> 1 (was CODE)
  Relative segment, address: C548 - C5B7 (0x70 bytes), align: 1
  Segment part 28.            Intra module refs:   void _Make_heap(_RanIt, _RanIt, _Diff *, _Ty *)[with _RanIt=unsigned int *, _Diff=int, _Ty=unsigned int]
                                                   void _Pop_heap(_RanIt, _RanIt, _RanIt, _Ty const &, _Diff *)[with _RanIt=unsigned int *, _Diff=int, _Ty=unsigned int]
           ENTRY                   ADDRESS         REF BY
           =====                   =======         ======
           void _Adjust_heap(_RanIt, _Diff, _Diff, _Ty const &)[with _RanIt=unsigned int *, _Diff=int, _Ty=unsigned int]
                                   C548 
               calls direct
    -------------------------------------------------------------------------
<CODE> 1 (was CODE)
  Relative segment, address: CC28 - CC3F (0x18 bytes), align: 1
  Segment part 29.            Intra module refs:   void _Pop_heap_0(_RanIt, _RanIt, _Ty *)[with _RanIt=unsigned int *, _Ty=unsigned int]
           ENTRY                   ADDRESS         REF BY
           =====                   =======         ======
           void _Pop_heap(_RanIt, _RanIt, _RanIt, _Ty const &, _Diff *)[with _RanIt=unsigned int *, _Diff=int, _Ty=unsigned int]
                                   CC28 
               calls direct
    -------------------------------------------------------------------------
<CODE> 1 (was CODE)
  Relative segment, address: C9D2 - CA07 (0x36 bytes), align: 1
  Segment part 30.            Intra module refs:   void pop_heap(_RanIt, _RanIt)[with _RanIt=unsigned int *]
           ENTRY                   ADDRESS         REF BY
           =====                   =======         ======
           void _Pop_heap_0(_RanIt, _RanIt, _Ty *)[with _RanIt=unsigned int *, _Ty=unsigned int]
                                   C9D2 
               calls direct
    -------------------------------------------------------------------------
<CODE> 1 (was CODE)
  Relative segment, address: CAD2 - CB01 (0x30 bytes), align: 1
  Segment part 31.            Intra module refs:   void sort_heap(_RanIt, _RanIt)[with _RanIt=unsigned int *]
           ENTRY                   ADDRESS         REF BY
           =====                   =======         ======
           void pop_heap(_RanIt, _RanIt)[with _RanIt=unsigned int *]
                                   CAD2 
               calls direct
    -------------------------------------------------------------------------
<CODE> 1 (was CODE)
  Relative segment, address: C7DA - C821 (0x48 bytes), align: 1
  Segment part 32.            Intra module refs:   void make_heap(_RanIt, _RanIt)[with _RanIt=unsigned int *]
           ENTRY                   ADDRESS         REF BY
           =====                   =======         ======
           void _Make_heap(_RanIt, _RanIt, _Diff *, _Ty *)[with _RanIt=unsigned int *, _Diff=int, _Ty=unsigned int]
                                   C7DA 
               calls direct
    -------------------------------------------------------------------------
<CODE> 1 (was CODE)
  Relative segment, address: C960 - C999 (0x3a bytes), align: 1
  Segment part 33.            Intra module refs:   void _Sort(_RanIt, _RanIt, _Diff)[with _RanIt=unsigned int *, _Diff=int]
           ENTRY                   ADDRESS         REF BY
           =====                   =======         ======
           void make_heap(_RanIt, _RanIt)[with _RanIt=unsigned int *]
                                   C960 
               calls direct
    -------------------------------------------------------------------------
<CODE> 1 (was CODE)
  Relative segment, address: CB02 - CB2F (0x2e bytes), align: 1
  Segment part 34.            Intra module refs:   void _Sort(_RanIt, _RanIt, _Diff)[with _RanIt=unsigned int *, _Diff=int]
           ENTRY                   ADDRESS         REF BY
           =====                   =======         ======
           void sort_heap(_RanIt, _RanIt)[with _RanIt=unsigned int *]
                                   CB02 
               calls direct
    -------------------------------------------------------------------------
<CODE> 1 (was CODE)
  Relative segment, address: C6D6 - C72D (0x58 bytes), align: 1
  Segment part 35.            Intra module refs:   void _Insertion_sort(_BidIt, _BidIt)[with _BidIt=unsigned int *]
           ENTRY                   ADDRESS         REF BY
           =====                   =======         ======
           void _Insertion_sort1(_BidIt, _BidIt, _Ty *)[with _BidIt=unsigned int *, _Ty=unsigned int]
                                   C6D6 
               calls direct
    -------------------------------------------------------------------------
<CODE> 1 (was CODE)
  Relative segment, address: CBD8 - CBF5 (0x1e bytes), align: 1
  Segment part 36.            Intra module refs:   void _Sort(_RanIt, _RanIt, _Diff)[with _RanIt=unsigned int *, _Diff=int]
           ENTRY                   ADDRESS         REF BY
           =====                   =======         ======
           void _Insertion_sort(_BidIt, _BidIt)[with _BidIt=unsigned int *]
                                   CBD8 
               calls direct
    -------------------------------------------------------------------------
<CODE> 1 (was CODE)
  Relative segment, address: C926 - C95F (0x3a bytes), align: 1
  Segment part 37.            Intra module refs:   void _Median(_RanIt, _RanIt, _RanIt)[with _RanIt=unsigned int *]
           ENTRY                   ADDRESS         REF BY
           =====                   =======         ======
           void _Med3(_RanIt, _RanIt, _RanIt)[with _RanIt=unsigned int *]
                                   C926 
               calls direct
    -------------------------------------------------------------------------
<CODE> 1 (was CODE)
  Relative segment, address: C33E - C413 (0xd6 bytes), align: 1
  Segment part 38.            Intra module refs:   pair<_RanIt, _RanIt> _Unguarded_partition(_RanIt, _RanIt)[with _RanIt=unsigned int *]
           ENTRY                   ADDRESS         REF BY
           =====                   =======         ======
           void _Median(_RanIt, _RanIt, _RanIt)[with _RanIt=unsigned int *]
                                   C33E 
               calls direct
    -------------------------------------------------------------------------
<CODE> 1 (was CODE)
  Relative segment, address: C20A - C33D (0x134 bytes), align: 1
  Segment part 39.            Intra module refs:   void _Sort(_RanIt, _RanIt, _Diff)[with _RanIt=unsigned int *, _Diff=int]
           ENTRY                   ADDRESS         REF BY
           =====                   =======         ======
           pair<_RanIt, _RanIt> _Unguarded_partition(_RanIt, _RanIt)[with _RanIt=unsigned int *]
                                   C20A 
               calls direct
    -------------------------------------------------------------------------
<CODE> 1 (was CODE)
  Relative segment, address: C414 - C4C3 (0xb0 bytes), align: 1
  Segment part 40.            Intra module refs:   void sort(_RanIt, _RanIt)[with _RanIt=unsigned int *]
           ENTRY                   ADDRESS         REF BY
           =====                   =======         ======
           void _Sort(_RanIt, _RanIt, _Diff)[with _RanIt=unsigned int *, _Diff=int]
                                   C414 
               calls direct
    -------------------------------------------------------------------------
<CODE> 1 (was CODE)
  Relative segment, address: CCA8 - CCB9 (0x12 bytes), align: 1
  Segment part 41.            Intra module refs:   TAV_controler::predict_SPT()
           ENTRY                   ADDRESS         REF BY
           =====                   =======         ======
           void sort(_RanIt, _RanIt)[with _RanIt=unsigned int *]
                                   CCA8 
               calls direct
    -------------------------------------------------------------------------
<CODE> 1 (was CODE)
  Relative segment, address: CCBA - CCCB (0x12 bytes), align: 1
  Segment part 9.
           ENTRY                   ADDRESS         REF BY
           =====                   =======         ======
           TAV_controler::TAV_controler()
                                   CCBA            __sti__routine() (main)
    -------------------------------------------------------------------------
<CODE> 1 (was CODE)
  Relative segment, address: C786 - C7D9 (0x54 bytes), align: 1
  Segment part 13.            Intra module refs:   Port_1()
           ENTRY                   ADDRESS         REF BY
           =====                   =======         ======
           TAV_controler::record_SPT()
                                   C786 
               calls direct
    -------------------------------------------------------------------------
<CODE> 1 (was CODE)
  Relative segment, address: C8A8 - C8E9 (0x42 bytes), align: 1
  Segment part 11.            Intra module refs:   TAV_controler::record_SPT()
           ENTRY                   ADDRESS         REF BY
           =====                   =======         ======
           TAV_controler::predict_SPT()
                                   C8A8 
               calls direct
    -------------------------------------------------------------------------
<CODE> 1 (was CODE)
  Relative segment, address: C61E - C67D (0x60 bytes), align: 1
  Segment part 14.            Intra module refs:   Port_1()
                                                   Timer_A()
           ENTRY                   ADDRESS         REF BY
           =====                   =======         ======
           TAV_controler::set_time_to()
                                   C61E 
               calls direct
    -------------------------------------------------------------------------
<CODE> 1 (was CODE)
  Relative segment, address: CD7E - CD85 (0x8 bytes), align: 1
  Segment part 15.            Intra module refs:   Port_1()
                                                   Timer_A()
           ENTRY                   ADDRESS         REF BY
           =====                   =======         ======
           TAV_controler::diable_time_interrupt()
                                   CD7E            main (main)
    -------------------------------------------------------------------------
<CODE> 1 (was CODE)
  Relative segment, address: CD02 - CD13 (0x12 bytes), align: 1
  Segment part 12.            Intra module refs:   TAV_controler::record_SPT()
                                                   TAV_controler::set_time_to()
           ENTRY                   ADDRESS         REF BY
           =====                   =======         ======
           TAV_controler::read_TA0() const
                                   CD02 
    -------------------------------------------------------------------------
<CODE> 1 (was CODE)
  Relative segment, address: C4C4 - C547 (0x84 bytes), align: 1
  Segment part 16.            Intra module refs:   Timer_A()::??INTVEC 18
           ENTRY                   ADDRESS         REF BY
           =====                   =======         ======
           Timer_A()               C4C4 
               interrupt function
               calls direct
    -------------------------------------------------------------------------
<CODE> 1 (was CODE)
  Relative segment, address: C72E - C785 (0x58 bytes), align: 1
  Segment part 17.            Intra module refs:   Port_1()::??INTVEC 4
           ENTRY                   ADDRESS         REF BY
           =====                   =======         ======
           Port_1()                C72E 
               interrupt function
               calls direct
    -------------------------------------------------------------------------
INTVEC
  Common segment, address: FFE0 - FFE5 (0x6 bytes), align: 1
  Segment part 6. ROOT 
           ENTRY                   ADDRESS         REF BY
           =====                   =======         ======
           Port_1()::??INTVEC 4    FFE4 
    -------------------------------------------------------------------------
INTVEC
  Common segment, address: FFE0 - FFF3 (0x14 bytes), align: 1
  Segment part 7. ROOT 
           ENTRY                   ADDRESS         REF BY
           =====                   =======         ======
           Timer_A()::??INTVEC 18
                                   FFF2 

    *************************************************************************

  FILE NAME : F:\electric design-\16_12_mengya\iar\main\Debug\Obj\uart.r43
  PROGRAM MODULE, NAME : uart

  SEGMENTS IN THE MODULE
  ======================
DATA16_AN
  Relative segment, address: 0001 - 0001 (0x1 bytes), align: 0
  Segment part 1. ROOT        Intra module refs:   Uart::send(char, unsigned int)
                                                   Uart::send_subfuntion()
                                                   ini_uart()
           ENTRY                   ADDRESS         REF BY
           =====                   =======         ======
           IE2                     0001 
    -------------------------------------------------------------------------
DATA16_AN
  Relative segment, address: 0003 - 0003 (0x1 bytes), align: 0
  Segment part 2. ROOT        Intra module refs:   Uart::send(char, unsigned int)
           ENTRY                   ADDRESS         REF BY
           =====                   =======         ======
           IFG2                    0003 
    -------------------------------------------------------------------------
DATA16_AN
  Relative segment, address: 0026 - 0026 (0x1 bytes), align: 0
  Segment part 5. ROOT        Intra module refs:   ini_uart()
           ENTRY                   ADDRESS         REF BY
           =====                   =======         ======
           P1SEL                   0026 
    -------------------------------------------------------------------------
DATA16_AN
  Relative segment, address: 0041 - 0041 (0x1 bytes), align: 0
  Segment part 6. ROOT        Intra module refs:   ini_uart()
           ENTRY                   ADDRESS         REF BY
           =====                   =======         ======
           P1SEL2                  0041 
    -------------------------------------------------------------------------
DATA16_AN
  Relative segment, address: 0061 - 0061 (0x1 bytes), align: 0
  Segment part 7. ROOT        Intra module refs:   ini_uart()
           ENTRY                   ADDRESS         REF BY
           =====                   =======         ======
           UCA0CTL1                0061 
    -------------------------------------------------------------------------
DATA16_AN
  Relative segment, address: 0062 - 0062 (0x1 bytes), align: 0
  Segment part 8. ROOT        Intra module refs:   ini_uart()
           ENTRY                   ADDRESS         REF BY
           =====                   =======         ======
           UCA0BR0                 0062 
    -------------------------------------------------------------------------
DATA16_AN
  Relative segment, address: 0063 - 0063 (0x1 bytes), align: 0
  Segment part 9. ROOT        Intra module refs:   ini_uart()
           ENTRY                   ADDRESS         REF BY
           =====                   =======         ======
           UCA0BR1                 0063 
    -------------------------------------------------------------------------
DATA16_AN
  Relative segment, address: 0066 - 0066 (0x1 bytes), align: 0
  Segment part 10. ROOT       Intra module refs:   USCI0RX_ISR()
           ENTRY                   ADDRESS         REF BY
           =====                   =======         ======
           UCA0RXBUF               0066 
    -------------------------------------------------------------------------
DATA16_AN
  Relative segment, address: 0067 - 0067 (0x1 bytes), align: 0
  Segment part 11. ROOT       Intra module refs:   Uart::send(char, unsigned int)
                                                   Uart::send_subfuntion()
           ENTRY                   ADDRESS         REF BY
           =====                   =======         ======
           UCA0TXBUF               0067 
    -------------------------------------------------------------------------
<CODE> 1 (was CODE)
  Relative segment, address: C99A - C9D1 (0x38 bytes), align: 1
  Segment part 15.
           ENTRY                   ADDRESS         REF BY
           =====                   =======         ======
           ini_uart()              C99A            initial() (ini)
    -------------------------------------------------------------------------
<CODE> 1 (was CODE)
  Relative segment, address: CA3C - CA6F (0x34 bytes), align: 1
  Segment part 17.            Intra module refs:   USCI0RX_ISR()
           ENTRY                   ADDRESS         REF BY
           =====                   =======         ======
           Uart::send(char, unsigned int)
                                   CA3C            main (main)
    -------------------------------------------------------------------------
<CODE> 1 (was CODE)
  Relative segment, address: CB8C - CBB5 (0x2a bytes), align: 1
  Segment part 18.            Intra module refs:   USCI0TX_ISR()
           ENTRY                   ADDRESS         REF BY
           =====                   =======         ======
           Uart::send_subfuntion()
                                   CB8C 
    -------------------------------------------------------------------------
<CODE> 1 (was CODE)
  Relative segment, address: CCCC - CCDD (0x12 bytes), align: 1
  Segment part 19.            Intra module refs:   USCI0TX_ISR()::??INTVEC 12
           ENTRY                   ADDRESS         REF BY
           =====                   =======         ======
           USCI0TX_ISR()           CCCC 
               interrupt function
               calls direct
    -------------------------------------------------------------------------
<CODE> 1 (was CODE)
  Relative segment, address: C5B8 - C61D (0x66 bytes), align: 1
  Segment part 20.            Intra module refs:   USCI0RX_ISR()::??INTVEC 14
           ENTRY                   ADDRESS         REF BY
           =====                   =======         ======
           USCI0RX_ISR()           C5B8 
               interrupt function
               calls direct
    -------------------------------------------------------------------------
INTVEC
  Common segment, address: FFE0 - FFED (0xe bytes), align: 1
  Segment part 12. ROOT 
           ENTRY                   ADDRESS         REF BY
           =====                   =======         ======
           USCI0TX_ISR()::??INTVEC 12
                                   FFEC 
    -------------------------------------------------------------------------
INTVEC
  Common segment, address: FFE0 - FFEF (0x10 bytes), align: 1
  Segment part 13. ROOT 
           ENTRY                   ADDRESS         REF BY
           =====                   =======         ======
           USCI0RX_ISR()::??INTVEC 14
                                   FFEE 

    *************************************************************************

  FILE NAME : E:\Program Files (x86)\IAR Systems\Embedded Workbench 7.4\430\lib\dlib\dl430fn.r43
  LIBRARY MODULE, NAME : ?__dbg_break

  SEGMENTS IN THE MODULE
  ======================
<CODE> 1 (was CODE)
  Relative segment, address: CDB0 - CDB1 (0x2 bytes), align: 1
  Segment part 2.
           ENTRY                   ADDRESS         REF BY
           =====                   =======         ======
           __DebugBreak            CDB0            __exit (?__exit)

    -------------------------------------------------------------------------
  LIBRARY MODULE, NAME : ?__exit

  SEGMENTS IN THE MODULE
  ======================
<CODE> 1 (was CODE)
  Relative segment, address: CCDE - CCEF (0x12 bytes), align: 1
  Segment part 2.
           ENTRY                   ADDRESS         REF BY
           =====                   =======         ======
           __exit                  CCDE            Segment part 6 (?_exit)
                                                   _exit (?_exit)
               calls direct

    -------------------------------------------------------------------------
  LIBRARY MODULE, NAME : ?_exit

  SEGMENTS IN THE MODULE
  ======================
<CODE> 1 (was CODE)
  Relative segment, address: CD9C, align: 1
  Segment part 0.
           ENTRY                   ADDRESS         REF BY
           =====                   =======         ======
           _exit                   CD9C            exit (?exit)
    -------------------------------------------------------------------------
<CODE> 1 (was CODE)
  Relative segment, address: CD9C - CD9F (0x4 bytes), align: 1
  Segment part 6.             Intra module refs:   _exit

    -------------------------------------------------------------------------
  LIBRARY MODULE, NAME : ?cppinit

  SEGMENTS IN THE MODULE
  ======================
<CODE> 1 (was CODE)
  Relative segment, address: CA08 - CA3B (0x34 bytes), align: 1
  Segment part 3.
           ENTRY                   ADDRESS         REF BY
           =====                   =======         ======
           __call_ctors            CA08            ?cstart_call_ctors (?cstart)
               calls direct and indirect

    -------------------------------------------------------------------------
  LIBRARY MODULE, NAME : ?cstart

  SEGMENTS IN THE MODULE
  ======================
CSTACK
  Relative segment, address: 03B0, align: 1
  Segment part 1.
    -------------------------------------------------------------------------
DATA16_Z
  Relative segment, address: 0234, align: 1
  Segment part 2.
    -------------------------------------------------------------------------
CSTART
  Relative segment, address: C01E - C021 (0x4 bytes), align: 1
  Segment part 9.
           ENTRY                   ADDRESS         REF BY
           =====                   =======         ======
           __program_start         C01E            ?reset_vector (?reset_vector)
                                                   Absolute parts (?ABS_ENTRY_MOD)
           ?cstart_begin           C01E 
    -------------------------------------------------------------------------
CSTART
  Relative segment, address: C022 - C02D (0xc bytes), align: 1
  Segment part 13.
           ENTRY                   ADDRESS         REF BY
           =====                   =======         ======
           ?cstart_init_zero       C022            code (main)
                                                   controler (main)
                                                   switcher (main)
                                                   uart (main)
    -------------------------------------------------------------------------
DIFUNCT
  Relative segment, address: C01E, align: 1
  Segment part 16.
    -------------------------------------------------------------------------
CSTART
  Relative segment, address: C02E - C039 (0xc bytes), align: 1
  Segment part 17.
           ENTRY                   ADDRESS         REF BY
           =====                   =======         ======
           ?cstart_call_ctors      C02E            Segment part 10 (main)
    -------------------------------------------------------------------------
CSTART
  Relative segment, address: C03A - C041 (0x8 bytes), align: 1
  Segment part 18.            Intra module refs:   Segment part 9
           ENTRY                   ADDRESS         REF BY
           =====                   =======         ======
           ?cstart_call_main       C03A 
           ?cstart_end             C042 

    -------------------------------------------------------------------------
  LIBRARY MODULE, NAME : ?reset_vector

  SEGMENTS IN THE MODULE
  ======================
RESET
  Relative segment, address: FFFE - FFFF (0x2 bytes), align: 1
  Segment part 0.
           ENTRY                   ADDRESS         REF BY
           =====                   =======         ======
           ?reset_vector           FFFE            Segment part 9 (?cstart)

    -------------------------------------------------------------------------
  LIBRARY MODULE, NAME : ?Epilogue

  SEGMENTS IN THE MODULE
  ======================
<CODE> 1 (was CODE)
  Relative segment, address: CD24 - CD25 (0x2 bytes), align: 1
  Segment part 1.
           ENTRY                   ADDRESS         REF BY
           =====                   =======         ======
           ?Epilogue7              CD24            pair<_RanIt, _RanIt> _Unguarded_partition(_RanIt, _RanIt)[with _RanIt=unsigned int *] (T_and_V_controler)
    -------------------------------------------------------------------------
<CODE> 1 (was CODE)
  Relative segment, address: CD26 - CD27 (0x2 bytes), align: 1
  Segment part 2.             Intra module refs:   ?Epilogue7
           ENTRY                   ADDRESS         REF BY
           =====                   =======         ======
           ?Epilogue6              CD26            void _Median(_RanIt, _RanIt, _RanIt)[with _RanIt=unsigned int *] (T_and_V_controler)
    -------------------------------------------------------------------------
<CODE> 1 (was CODE)
  Relative segment, address: CD28 - CD29 (0x2 bytes), align: 1
  Segment part 3.             Intra module refs:   ?Epilogue6
           ENTRY                   ADDRESS         REF BY
           =====                   =======         ======
           ?Epilogue5              CD28            void _Adjust_heap(_RanIt, _Diff, _Diff, _Ty const &)[with _RanIt=unsigned int *, _Diff=int, _Ty=unsigned int] (T_and_V_controler)
    -------------------------------------------------------------------------
<CODE> 1 (was CODE)
  Relative segment, address: CD2A - CD2B (0x2 bytes), align: 1
  Segment part 4.             Intra module refs:   ?Epilogue5
           ENTRY                   ADDRESS         REF BY
           =====                   =======         ======
           ?Epilogue4              CD2A            __call_ctors (?cppinit)
                                                   void _Insertion_sort1(_BidIt, _BidIt, _Ty *)[with _BidIt=unsigned int *, _Ty=unsigned int] (T_and_V_controler)
                                                   void _Push_heap(_RanIt, _Diff, _Diff, _Ty const &)[with _RanIt=unsigned int *, _Diff=int, _Ty=unsigned int] (T_and_V_controler)
    -------------------------------------------------------------------------
<CODE> 1 (was CODE)
  Relative segment, address: CD2C - CD33 (0x8 bytes), align: 1
  Segment part 5.             Intra module refs:   ?Epilogue4
           ENTRY                   ADDRESS         REF BY
           =====                   =======         ======
           ?Epilogue3              CD2C            TAV_controler::record_SPT() (T_and_V_controler)
                                                   void _Make_heap(_RanIt, _RanIt, _Diff *, _Ty *)[with _RanIt=unsigned int *, _Diff=int, _Ty=unsigned int] (T_and_V_controler)
                                                   void _Med3(_RanIt, _RanIt, _RanIt)[with _RanIt=unsigned int *] (T_and_V_controler)
                                                   void _Sort(_RanIt, _RanIt, _Diff)[with _RanIt=unsigned int *, _Diff=int] (T_and_V_controler)
                                                   void make_heap(_RanIt, _RanIt)[with _RanIt=unsigned int *] (T_and_V_controler)

    -------------------------------------------------------------------------
  LIBRARY MODULE, NAME : ?exit

  SEGMENTS IN THE MODULE
  ======================
<CODE> 1 (was CODE)
  Relative segment, address: CDA8 - CDAB (0x4 bytes), align: 1
  Segment part 2.
           ENTRY                   ADDRESS         REF BY
           =====                   =======         ======
           exit                    CDA8            Segment part 18 (?cstart)
               calls direct

    -------------------------------------------------------------------------
  LIBRARY MODULE, NAME : ?iutility

  SEGMENTS IN THE MODULE
  ======================
<CODE> 1 (was CODE)
  Relative segment, address: CCF0 - CD01 (0x12 bytes), align: 1
  Segment part 5.
           ENTRY                   ADDRESS         REF BY
           =====                   =======         ======
           __iar_Copy_backward_a2
                                   CCF0            _Backward_copier<><_Ty, true>[with _Ty=unsigned int]::_Copy(unsigned int const *, unsigned int const *, unsigned int *) (T_and_V_controler)

    -------------------------------------------------------------------------
  LIBRARY MODULE, NAME : ?Mul816

  SEGMENTS IN THE MODULE
  ======================
<CODE> 1 (was CODE)
  Relative segment, address: CB5E - CB8B (0x2e bytes), align: 1
  Segment part 1.
           ENTRY                   ADDRESS         REF BY
           =====                   =======         ======
           ?Mul16                  CB5E            void _Median(_RanIt, _RanIt, _RanIt)[with _RanIt=unsigned int *] (T_and_V_controler)
           ?Mul16to32u             CB5E 

    -------------------------------------------------------------------------
  LIBRARY MODULE, NAME : ?DivMod816u

  SEGMENTS IN THE MODULE
  ======================
<CODE> 1 (was CODE)
  Relative segment, address: CC40 - CC57 (0x18 bytes), align: 1
  Segment part 1.
           ENTRY                   ADDRESS         REF BY
           =====                   =======         ======
           ?DivMod16u              CC40            ?DivMod16s (?DivMod816s)

    -------------------------------------------------------------------------
  LIBRARY MODULE, NAME : ?DivMod816s

  SEGMENTS IN THE MODULE
  ======================
<CODE> 1 (was CODE)
  Relative segment, address: CAA2 - CAD1 (0x30 bytes), align: 1
  Segment part 1.
           ENTRY                   ADDRESS         REF BY
           =====                   =======         ======
           ?DivMod16s              CAA2            TAV_controler::set_time_to() (T_and_V_controler)
                                                   main (main)
                                                   pair<_RanIt, _RanIt> _Unguarded_partition(_RanIt, _RanIt)[with _RanIt=unsigned int *] (T_and_V_controler)
                                                   phase_switcher::SP() (phase_switcher)
                                                   phase_switcher::enable_SPSI() const (phase_switcher)
                                                   void _Make_heap(_RanIt, _RanIt, _Diff *, _Ty *)[with _RanIt=unsigned int *, _Diff=int, _Ty=unsigned int] (T_and_V_controler)
                                                   void _Median(_RanIt, _RanIt, _RanIt)[with _RanIt=unsigned int *] (T_and_V_controler)
                                                   void _Push_heap(_RanIt, _Diff, _Diff, _Ty const &)[with _RanIt=unsigned int *, _Diff=int, _Ty=unsigned int] (T_and_V_controler)
                                                   void _Sort(_RanIt, _RanIt, _Diff)[with _RanIt=unsigned int *, _Diff=int] (T_and_V_controler)

    -------------------------------------------------------------------------
  LIBRARY MODULE, NAME : ?memzero

  SEGMENTS IN THE MODULE
  ======================
<CODE> 1 (was CODE)
  Relative segment, address: CD14 - CD23 (0x10 bytes), align: 1
  Segment part 2.
           ENTRY                   ADDRESS         REF BY
           =====                   =======         ======
           __data16_memzero        CD14            ?cstart_init_zero (?cstart)




                ****************************************
                *                                      *
                *      SEGMENTS IN ADDRESS ORDER       *
                *                                      *
                ****************************************


SEGMENT              SPACE    START ADDRESS   END ADDRESS     SIZE  TYPE  ALIGN
=======              =====    =============   ===========     ====  ====  =====
DATA16_AN                              0001 - 0001               1   rel    0
                                       0003 - 0003               1 
                                       0021 - 0027               7 
                                       0029 - 002A               2 
                                       002E - 002E               1 
                                       0041 - 0041               1 
                                       0056 - 0057               2 
                                       0061 - 0063               3 
                                       0066 - 0067               2 
                                       0120 - 0121               2 
                                       0160 - 0163               4 
                                       0170 - 0173               4 
                                       0180 - 0187               8 
                                       0192 - 0197               6 
DATA16_I                                  0200                       dse    0
DATA16_Z                               0200 - 0233              34   rel    1
CSTACK                                 03B0 - 03FF              50   rel    1
DATA16_AN                              10FC - 10FD               2   rel    0
DATA16_C                               C000 - C01A              1B   rel    0
TLS16_ID                                  C01B                       dse    0
DATA16_ID                                 C01B                       dse    0
DIFUNCT                                C01C - C01D               2   rel    1
CSTART                                 C01E - C041              24   rel    1
<CODE> 1                               C042 - CDB1             D70   rel    1
INTVEC                                 FFE0 - FFF3              14   com    1
RESET                                  FFFE - FFFF               2   rel    1

                ****************************************
                *                                      *
                *        END OF CROSS REFERENCE        *
                *                                      *
                ****************************************

 3 498 bytes of CODE  memory
   132 bytes of DATA  memory (+ 46 absolute )
    29 bytes of CONST memory

Errors: none
Warnings: none

